// Jest Snapshot v1, https://goo.gl/fbAQLP

exports[`Bidding (default props) => renders correctly 1`] = `
<View
  style={
    Object {
      "backgroundColor": "#141313",
      "flexDirection": "column",
      "height": "100%",
      "paddingBottom": 5,
      "paddingTop": 5,
      "width": "100%",
    }
  }
>
  <View
    style={
      Object {
        "backgroundColor": "#329932",
        "flex": 1,
        "flexDirection": "row",
        "marginBottom": 4,
        "marginLeft": 15,
        "marginRight": 15,
      }
    }
  >
    <Text
      accessible={true}
      allowFontScaling={true}
      ellipsizeMode="tail"
      style={
        Object {
          "alignSelf": "center",
          "backgroundColor": "#329932",
          "color": "#141313",
          "flex": 1,
          "fontFamily": "telegrama_raw",
          "fontSize": 25,
          "textAlign": "center",
        }
      }
    >
      Resetting
    </Text>
  </View>
  <View
    style={
      Object {
        "backgroundColor": "#329932",
        "flex": 1,
        "flexDirection": "row",
        "marginBottom": 4,
        "marginLeft": 15,
        "marginRight": 15,
      }
    }
  >
    <Text
      accessible={true}
      allowFontScaling={true}
      ellipsizeMode="tail"
      style={
        Object {
          "alignSelf": "center",
          "backgroundColor": "#329932",
          "color": "#141313",
          "flex": 1,
          "fontFamily": "telegrama_raw",
          "fontSize": 25,
          "textAlign": "center",
        }
      }
    >
      Timeline 1
    </Text>
  </View>
  <View
    style={
      Object {
        "backgroundColor": "#329932",
        "flex": 1,
        "flexDirection": "row",
        "marginBottom": 4,
        "marginLeft": 15,
        "marginRight": 15,
      }
    }
  >
    <Text
      accessible={true}
      allowFontScaling={true}
      ellipsizeMode="tail"
      style={
        Object {
          "alignSelf": "center",
          "backgroundColor": "#329932",
          "color": "#141313",
          "flex": 2,
          "fontFamily": "telegrama_raw",
          "fontSize": 18,
          "textAlign": "center",
        }
      }
    >
      00:01:39
    </Text>
    <Text
      accessible={true}
      allowFontScaling={true}
      ellipsizeMode="tail"
      style={
        Object {
          "alignSelf": "center",
          "backgroundColor": "#329932",
          "color": "#141313",
          "flex": 1,
          "fontFamily": "telegrama_raw",
          "fontSize": 18,
          "textAlign": "center",
        }
      }
    >
      3
    </Text>
    <Text
      accessible={true}
      allowFontScaling={true}
      ellipsizeMode="tail"
      style={
        Object {
          "alignSelf": "center",
          "backgroundColor": "#329932",
          "color": "#141313",
          "flex": 2,
          "fontFamily": "telegrama_raw",
          "fontSize": 18,
          "textAlign": "center",
        }
      }
    >
      1
      %
    </Text>
  </View>
  <View
    style={
      Object {
        "flex": 9,
        "flexDirection": "row",
        "marginLeft": 15,
        "marginRight": 15,
      }
    }
  >
    <View
      style={
        Object {
          "flex": 1,
          "marginRight": 4,
        }
      }
    >
      <View
        style={
          Object {
            "backgroundColor": "#329932",
            "borderColor": "#329932",
            "borderRadius": 0,
            "borderWidth": 0.5,
            "flex": 1,
            "flexDirection": "column",
            "width": "100%",
          }
        }
      >
        <View
          style={
            Object {
              "alignItems": "center",
              "flexDirection": "row",
              "justifyContent": "center",
              "minHeight": 30,
            }
          }
        >
          <Image
            source={
              Object {
                "uri": "http://10.0.0.6:3000/placeholders/nopic.png",
              }
            }
            style={
              Object {
                "backgroundColor": "#141313",
                "borderColor": "black",
                "borderWidth": 1,
                "flex": 0,
                "height": 28,
                "margin": 1,
                "resizeMode": "stretch",
                "width": 26,
              }
            }
          >
            <View
              style={
                Object {
                  "backgroundColor": "green",
                  "height": "100%",
                  "opacity": 0.5,
                  "width": "100%",
                }
              }
            />
          </Image>
          <Text
            accessible={true}
            allowFontScaling={true}
            ellipsizeMode="tail"
            numberOfLines={1}
            style={
              Object {
                "color": "#0e0e0e",
                "flex": 7,
                "fontFamily": "telegrama_raw",
                "paddingLeft": 5,
                "textAlign": "left",
              }
            }
          >
            Aram
          </Text>
          <Text
            accessible={true}
            allowFontScaling={true}
            ellipsizeMode="tail"
            numberOfLines={1}
            style={
              Object {
                "color": "#0e0e0e",
                "flex": 3,
                "fontFamily": "telegrama_raw",
                "textAlign": "center",
              }
            }
          >
            13
          </Text>
        </View>
        <View
          style={
            Object {
              "backgroundColor": "#141313",
              "borderColor": "#141313",
              "borderRadius": 0,
              "borderWidth": 0.5,
              "flex": 13,
              "flexDirection": "column",
              "margin": 1,
            }
          }
        >
          <View
            style={
              Object {
                "flex": 4,
                "flexDirection": "column",
              }
            }
          >
            <View
              style={
                Object {
                  "flex": 1,
                  "flexDirection": "row",
                  "margin": 1,
                  "maxHeight": 30,
                }
              }
            >
              <Image
                source={
                  Object {
                    "uri": "http://10.0.0.6:3000/placeholders/nopic.png",
                  }
                }
                style={
                  Object {
                    "flex": 0,
                    "height": 26,
                    "margin": 1,
                    "resizeMode": "stretch",
                    "width": 26,
                  }
                }
              >
                <View
                  style={
                    Object {
                      "backgroundColor": "green",
                      "height": "100%",
                      "opacity": 0.5,
                      "width": "100%",
                    }
                  }
                />
              </Image>
              <View
                style={
                  Object {
                    "alignItems": "center",
                    "flex": 3,
                    "flexDirection": "column",
                    "justifyContent": "center",
                  }
                }
              >
                <Text
                  accessible={true}
                  allowFontScaling={true}
                  ellipsizeMode="tail"
                  numberOfLines={1}
                  style={
                    Object {
                      "alignSelf": "center",
                      "color": "green",
                      "flex": 1,
                      "fontFamily": "telegrama_raw",
                      "paddingLeft": 3,
                      "paddingRight": 5,
                      "paddingTop": 3,
                    }
                  }
                >
                  Aram
                </Text>
              </View>
              <View
                style={
                  Object {
                    "alignItems": "center",
                    "flex": 1,
                    "flexDirection": "column",
                    "justifyContent": "center",
                  }
                }
              >
                <Text
                  accessible={true}
                  allowFontScaling={true}
                  ellipsizeMode="tail"
                  style={
                    Object {
                      "alignSelf": "center",
                      "color": "green",
                      "flex": 1,
                      "fontFamily": "telegrama_raw",
                      "paddingRight": 1,
                      "paddingTop": 3,
                    }
                  }
                >
                  8
                </Text>
              </View>
            </View>
            <View
              style={
                Object {
                  "flex": 1,
                  "flexDirection": "row",
                  "margin": 1,
                  "maxHeight": 30,
                }
              }
            >
              <Image
                source={
                  Object {
                    "uri": "http://10.0.0.6:3000/placeholders/nopic.png",
                  }
                }
                style={
                  Object {
                    "flex": 0,
                    "height": 26,
                    "margin": 1,
                    "resizeMode": "stretch",
                    "width": 26,
                  }
                }
              >
                <View
                  style={
                    Object {
                      "backgroundColor": "green",
                      "height": "100%",
                      "opacity": 0.5,
                      "width": "100%",
                    }
                  }
                />
              </Image>
              <View
                style={
                  Object {
                    "alignItems": "center",
                    "flex": 3,
                    "flexDirection": "column",
                    "justifyContent": "center",
                  }
                }
              >
                <Text
                  accessible={true}
                  allowFontScaling={true}
                  ellipsizeMode="tail"
                  numberOfLines={1}
                  style={
                    Object {
                      "alignSelf": "center",
                      "color": "green",
                      "flex": 1,
                      "fontFamily": "telegrama_raw",
                      "paddingLeft": 3,
                      "paddingRight": 5,
                      "paddingTop": 3,
                    }
                  }
                >
                  Tom
                </Text>
              </View>
              <View
                style={
                  Object {
                    "alignItems": "center",
                    "flex": 1,
                    "flexDirection": "column",
                    "justifyContent": "center",
                  }
                }
              >
                <Text
                  accessible={true}
                  allowFontScaling={true}
                  ellipsizeMode="tail"
                  style={
                    Object {
                      "alignSelf": "center",
                      "color": "green",
                      "flex": 1,
                      "fontFamily": "telegrama_raw",
                      "paddingRight": 1,
                      "paddingTop": 3,
                    }
                  }
                >
                  5
                </Text>
              </View>
            </View>
          </View>
          <View
            style={
              Object {
                "flex": 1,
                "padding": 5,
              }
            }
          >
            <View
              style={
                Object {
                  "flex": 1,
                  "height": "100%",
                  "width": "100%",
                }
              }
            >
              <View
                accessibilityComponentType={undefined}
                accessibilityLabel={undefined}
                accessibilityTraits={undefined}
                accessible={true}
                hasTVPreferredFocus={undefined}
                hitSlop={undefined}
                isTVSelectable={true}
                onLayout={undefined}
                onResponderGrant={[Function]}
                onResponderMove={[Function]}
                onResponderRelease={[Function]}
                onResponderTerminate={[Function]}
                onResponderTerminationRequest={[Function]}
                onStartShouldSetResponder={[Function]}
                style={
                  Array [
                    Object {
                      "backgroundColor": "transparent",
                    },
                    Object {
                      "alignItems": "center",
                      "backgroundColor": "#141313",
                      "borderColor": "#329932",
                      "borderRadius": 0,
                      "borderWidth": 1,
                      "flex": 1,
                      "flexDirection": "row",
                      "height": "100%",
                      "justifyContent": "center",
                      "width": "100%",
                    },
                  ]
                }
                testID={undefined}
                tvParallaxProperties={undefined}
              >
                <Text
                  accessible={true}
                  allowFontScaling={true}
                  ellipsizeMode="tail"
                  style={
                    Object {
                      "color": "#329932",
                      "flex": 1,
                      "fontFamily": "telegrama_raw",
                      "fontSize": 80,
                      "textAlign": "center",
                    }
                  }
                >
                  +
                </Text>
              </View>
            </View>
          </View>
        </View>
      </View>
    </View>
    <View
      style={
        Object {
          "flex": 1,
        }
      }
    >
      <View
        style={
          Object {
            "backgroundColor": "#329932",
            "borderColor": "#329932",
            "borderRadius": 0,
            "borderWidth": 0.5,
            "flex": 1,
            "flexDirection": "column",
            "width": "100%",
          }
        }
      >
        <View
          style={
            Object {
              "alignItems": "center",
              "flexDirection": "row",
              "justifyContent": "center",
              "minHeight": 30,
            }
          }
        >
          <Image
            source={1}
            style={
              Object {
                "backgroundColor": "#141313",
                "borderColor": "black",
                "borderWidth": 1,
                "flex": 0,
                "height": 28,
                "margin": 1,
                "resizeMode": "stretch",
                "width": 26,
              }
            }
          />
          <Text
            accessible={true}
            allowFontScaling={true}
            ellipsizeMode="tail"
            numberOfLines={1}
            style={
              Object {
                "color": "#0e0e0e",
                "flex": 7,
                "fontFamily": "telegrama_raw",
                "paddingLeft": 5,
                "textAlign": "left",
              }
            }
          >
            Timeline 1
          </Text>
          <Text
            accessible={true}
            allowFontScaling={true}
            ellipsizeMode="tail"
            numberOfLines={1}
            style={
              Object {
                "color": "#0e0e0e",
                "flex": 3,
                "fontFamily": "telegrama_raw",
                "textAlign": "center",
              }
            }
          >
            10
          </Text>
        </View>
        <View
          style={
            Object {
              "backgroundColor": "#141313",
              "borderColor": "#141313",
              "borderRadius": 0,
              "borderWidth": 0.5,
              "flex": 13,
              "flexDirection": "column",
              "margin": 1,
            }
          }
        >
          <View
            style={
              Object {
                "flex": 4,
                "flexDirection": "column",
              }
            }
          >
            <View
              style={
                Object {
                  "flex": 1,
                  "flexDirection": "row",
                  "margin": 1,
                  "maxHeight": 30,
                }
              }
            >
              <Image
                source={
                  Object {
                    "uri": "http://10.0.0.6:3000/placeholders/nopic.png",
                  }
                }
                style={
                  Object {
                    "flex": 0,
                    "height": 26,
                    "margin": 1,
                    "resizeMode": "stretch",
                    "width": 26,
                  }
                }
              >
                <View
                  style={
                    Object {
                      "backgroundColor": "green",
                      "height": "100%",
                      "opacity": 0.5,
                      "width": "100%",
                    }
                  }
                />
              </Image>
              <View
                style={
                  Object {
                    "alignItems": "center",
                    "flex": 3,
                    "flexDirection": "column",
                    "justifyContent": "center",
                  }
                }
              >
                <Text
                  accessible={true}
                  allowFontScaling={true}
                  ellipsizeMode="tail"
                  numberOfLines={1}
                  style={
                    Object {
                      "alignSelf": "center",
                      "color": "green",
                      "flex": 1,
                      "fontFamily": "telegrama_raw",
                      "paddingLeft": 3,
                      "paddingRight": 5,
                      "paddingTop": 3,
                    }
                  }
                >
                  Gondollieri
                </Text>
              </View>
              <View
                style={
                  Object {
                    "alignItems": "center",
                    "flex": 1,
                    "flexDirection": "column",
                    "justifyContent": "center",
                  }
                }
              >
                <Text
                  accessible={true}
                  allowFontScaling={true}
                  ellipsizeMode="tail"
                  style={
                    Object {
                      "alignSelf": "center",
                      "color": "green",
                      "flex": 1,
                      "fontFamily": "telegrama_raw",
                      "paddingRight": 1,
                      "paddingTop": 3,
                    }
                  }
                >
                  1
                </Text>
              </View>
            </View>
            <View
              style={
                Object {
                  "flex": 1,
                  "flexDirection": "row",
                  "margin": 1,
                  "maxHeight": 30,
                }
              }
            >
              <Image
                source={
                  Object {
                    "uri": "http://10.0.0.6:3000/placeholders/nopic.png",
                  }
                }
                style={
                  Object {
                    "flex": 0,
                    "height": 26,
                    "margin": 1,
                    "resizeMode": "stretch",
                    "width": 26,
                  }
                }
              >
                <View
                  style={
                    Object {
                      "backgroundColor": "green",
                      "height": "100%",
                      "opacity": 0.5,
                      "width": "100%",
                    }
                  }
                />
              </Image>
              <View
                style={
                  Object {
                    "alignItems": "center",
                    "flex": 3,
                    "flexDirection": "column",
                    "justifyContent": "center",
                  }
                }
              >
                <Text
                  accessible={true}
                  allowFontScaling={true}
                  ellipsizeMode="tail"
                  numberOfLines={1}
                  style={
                    Object {
                      "alignSelf": "center",
                      "color": "green",
                      "flex": 1,
                      "fontFamily": "telegrama_raw",
                      "paddingLeft": 3,
                      "paddingRight": 5,
                      "paddingTop": 3,
                    }
                  }
                >
                  Simmons
                </Text>
              </View>
              <View
                style={
                  Object {
                    "alignItems": "center",
                    "flex": 1,
                    "flexDirection": "column",
                    "justifyContent": "center",
                  }
                }
              >
                <Text
                  accessible={true}
                  allowFontScaling={true}
                  ellipsizeMode="tail"
                  style={
                    Object {
                      "alignSelf": "center",
                      "color": "green",
                      "flex": 1,
                      "fontFamily": "telegrama_raw",
                      "paddingRight": 1,
                      "paddingTop": 3,
                    }
                  }
                >
                  9
                </Text>
              </View>
            </View>
          </View>
          <View
            style={
              Object {
                "flex": 1,
                "padding": 5,
              }
            }
          >
            <View
              style={
                Object {
                  "flex": 1,
                  "height": "100%",
                  "width": "100%",
                }
              }
            >
              <View
                accessibilityComponentType={undefined}
                accessibilityLabel={undefined}
                accessibilityTraits={undefined}
                accessible={true}
                hasTVPreferredFocus={undefined}
                hitSlop={undefined}
                isTVSelectable={true}
                onLayout={undefined}
                onResponderGrant={[Function]}
                onResponderMove={[Function]}
                onResponderRelease={[Function]}
                onResponderTerminate={[Function]}
                onResponderTerminationRequest={[Function]}
                onStartShouldSetResponder={[Function]}
                style={
                  Array [
                    Object {
                      "backgroundColor": "transparent",
                    },
                    Object {
                      "alignItems": "center",
                      "backgroundColor": "#141313",
                      "borderColor": "#329932",
                      "borderRadius": 0,
                      "borderWidth": 1,
                      "flex": 1,
                      "flexDirection": "row",
                      "height": "100%",
                      "justifyContent": "center",
                      "width": "100%",
                    },
                  ]
                }
                testID={undefined}
                tvParallaxProperties={undefined}
              >
                <Text
                  accessible={true}
                  allowFontScaling={true}
                  ellipsizeMode="tail"
                  style={
                    Object {
                      "color": "#329932",
                      "flex": 1,
                      "fontFamily": "telegrama_raw",
                      "fontSize": 80,
                      "textAlign": "center",
                    }
                  }
                >
                  +
                </Text>
              </View>
            </View>
          </View>
        </View>
      </View>
    </View>
  </View>
</View>
`;
