// Jest Snapshot v1, https://goo.gl/fbAQLP

exports[`Control Panel => renders correctly 1`] = `
<View
  style={
    Object {
      "flex": 1,
      "flexDirection": "column",
    }
  }
>
  <Image
    source={1}
    style={
      Object {
        "height": "20%",
        "resizeMode": "stretch",
        "width": "100%",
      }
    }
  />
  <View
    style={
      Object {
        "flex": 1,
        "flexDirection": "row",
        "paddingLeft": 15,
        "paddingRight": 15,
      }
    }
  >
    <View
      style={
        Object {
          "flex": 2,
          "marginTop": 5,
        }
      }
    >
      <Text
        accessible={true}
        allowFontScaling={true}
        ellipsizeMode="tail"
      >
        foo
      </Text>
    </View>
    <View
      style={
        Object {
          "marginLeft": 4,
        }
      }
    />
    <View
      style={
        Object {
          "flex": 1,
          "marginTop": 5,
        }
      }
    >
      <Text
        accessible={true}
        allowFontScaling={true}
        ellipsizeMode="tail"
      >
        bar
      </Text>
    </View>
  </View>
</View>
`;
