// Jest Snapshot v1, https://goo.gl/fbAQLP

exports[`Feed => renders correctly 1`] = `
<View
  style={
    Object {
      "backgroundColor": "#141313",
      "flexDirection": "column",
      "height": "100%",
      "paddingBottom": 5,
      "paddingTop": 5,
      "width": "100%",
    }
  }
>
  <View
    style={
      Object {
        "flex": 2,
        "paddingLeft": 15,
        "paddingRight": 15,
      }
    }
  >
    <RCTScrollView>
      <View>
        <View
          style={
            Object {
              "backgroundColor": "#329932",
              "flexDirection": "column",
              "height": 60,
              "marginBottom": 5,
              "width": "100%",
            }
          }
        >
          <View
            style={
              Object {
                "flexDirection": "row",
                "width": "100%",
              }
            }
          >
            <Image
              source={
                Object {
                  "uri": "http://10.0.0.6:3000/placeholders/nopic.png",
                }
              }
              style={
                Object {
                  "borderColor": "black",
                  "borderWidth": 1,
                  "flex": 0,
                  "height": 26,
                  "margin": 1,
                  "resizeMode": "stretch",
                  "width": 26,
                }
              }
            >
              <View
                style={
                  Object {
                    "backgroundColor": "green",
                    "height": "100%",
                    "opacity": 0.5,
                    "width": "100%",
                  }
                }
              />
            </Image>
            <View
              style={
                Object {
                  "flex": 1,
                  "flexDirection": "column",
                }
              }
            >
              <Text
                accessible={true}
                allowFontScaling={true}
                ellipsizeMode="tail"
                numberOfLines={1}
                style={
                  Object {
                    "alignSelf": "flex-start",
                    "color": "#141313",
                    "flex": 1,
                    "fontFamily": "telegrama_raw",
                    "fontSize": 22.955665967250873,
                    "paddingBottom": 3,
                    "paddingLeft": 3,
                    "paddingRight": 5,
                    "textAlignVertical": "center",
                  }
                }
              >
                Aram
              </Text>
            </View>
            <View
              style={
                Object {
                  "flex": 1,
                  "flexDirection": "column",
                }
              }
            >
              <Text
                accessible={true}
                allowFontScaling={true}
                ellipsizeMode="tail"
                numberOfLines={1}
                style={
                  Object {
                    "alignSelf": "center",
                    "color": "#141313",
                    "flex": 1,
                    "fontFamily": "telegrama_raw",
                    "fontSize": 22.955665967250873,
                    "textAlignVertical": "center",
                  }
                }
              >
                Timeline 0-1
              </Text>
            </View>
          </View>
          <Text
            accessible={true}
            allowFontScaling={true}
            ellipsizeMode="tail"
            numberOfLines={1}
            style={
              Object {
                "alignSelf": "flex-start",
                "color": "#141313",
                "flex": 1,
                "fontFamily": "telegrama_raw",
                "fontSize": 19.894910504950758,
                "textAlignVertical": "center",
              }
            }
          >
            has travelled here
          </Text>
          <Text
            accessible={true}
            allowFontScaling={true}
            ellipsizeMode="tail"
            numberOfLines={1}
            style={
              Object {
                "alignSelf": "flex-start",
                "color": "#141313",
                "flex": 1,
                "fontFamily": "telegrama_raw",
                "fontSize": 15.303777311500582,
                "textAlignVertical": "bottom",
              }
            }
          >
            111
          </Text>
        </View>
        <View
          style={
            Object {
              "backgroundColor": "#329932",
              "flexDirection": "column",
              "height": 60,
              "marginBottom": 5,
              "width": "100%",
            }
          }
        >
          <View
            style={
              Object {
                "flexDirection": "row",
                "width": "100%",
              }
            }
          >
            <Image
              source={
                Object {
                  "uri": "http://10.0.0.6:3000/placeholders/nopic.png",
                }
              }
              style={
                Object {
                  "borderColor": "black",
                  "borderWidth": 1,
                  "flex": 0,
                  "height": 26,
                  "margin": 1,
                  "resizeMode": "stretch",
                  "width": 26,
                }
              }
            >
              <View
                style={
                  Object {
                    "backgroundColor": "green",
                    "height": "100%",
                    "opacity": 0.5,
                    "width": "100%",
                  }
                }
              />
            </Image>
            <View
              style={
                Object {
                  "flex": 1,
                  "flexDirection": "column",
                }
              }
            >
              <Text
                accessible={true}
                allowFontScaling={true}
                ellipsizeMode="tail"
                numberOfLines={1}
                style={
                  Object {
                    "alignSelf": "flex-start",
                    "color": "#141313",
                    "flex": 1,
                    "fontFamily": "telegrama_raw",
                    "fontSize": 22.955665967250873,
                    "paddingBottom": 3,
                    "paddingLeft": 3,
                    "paddingRight": 5,
                    "textAlignVertical": "center",
                  }
                }
              >
                Aram
              </Text>
            </View>
            <View
              style={
                Object {
                  "flex": 1,
                  "flexDirection": "column",
                }
              }
            >
              <Text
                accessible={true}
                allowFontScaling={true}
                ellipsizeMode="tail"
                numberOfLines={1}
                style={
                  Object {
                    "alignSelf": "center",
                    "color": "#141313",
                    "flex": 1,
                    "fontFamily": "telegrama_raw",
                    "fontSize": 22.955665967250873,
                    "textAlignVertical": "center",
                  }
                }
              >
                Timeline 0-1
              </Text>
            </View>
          </View>
          <Text
            accessible={true}
            allowFontScaling={true}
            ellipsizeMode="tail"
            numberOfLines={1}
            style={
              Object {
                "alignSelf": "flex-start",
                "color": "#141313",
                "flex": 1,
                "fontFamily": "telegrama_raw",
                "fontSize": 19.894910504950758,
                "textAlignVertical": "center",
              }
            }
          >
            is locking the timeline
          </Text>
          <Text
            accessible={true}
            allowFontScaling={true}
            ellipsizeMode="tail"
            numberOfLines={1}
            style={
              Object {
                "alignSelf": "flex-start",
                "color": "#141313",
                "flex": 1,
                "fontFamily": "telegrama_raw",
                "fontSize": 15.303777311500582,
                "textAlignVertical": "bottom",
              }
            }
          >
            111
          </Text>
        </View>
      </View>
    </RCTScrollView>
  </View>
</View>
`;
