// Jest Snapshot v1, https://goo.gl/fbAQLP

exports[`HighItems (default props) => renders correctly 1`] = `
<View
  style={
    Object {
      "alignItems": "center",
      "flex": 1,
      "flexDirection": "row",
      "justifyContent": "center",
    }
  }
>
  <Image
    source={undefined}
    style={
      Object {
        "height": 16,
        "margin": 4,
        "width": 16,
      }
    }
  />
</View>
`;

exports[`HighItems (with black item) => renders correctly 1`] = `
<View
  style={
    Object {
      "alignItems": "center",
      "flex": 1,
      "flexDirection": "row",
      "justifyContent": "center",
    }
  }
>
  <Image
    source={undefined}
    style={
      Object {
        "height": 16,
        "margin": 4,
        "width": 16,
      }
    }
  />
</View>
`;
