// Jest Snapshot v1, https://goo.gl/fbAQLP

exports[`HighItems (default props) => renders correctly 1`] = `
<View
  style={
    Object {
      "alignItems": "center",
      "flex": 1,
      "flexDirection": "row",
      "justifyContent": "center",
    }
  }
>
  <View
    style={
      Object {
        "alignItems": "center",
        "backgroundColor": "black",
        "borderRadius": 0,
        "borderWidth": 1,
        "height": 14,
        "margin": 4,
        "width": 14,
      }
    }
  >
    <View
      style={
        Object {
          "flexDirection": "row",
          "height": 10,
        }
      }
    >
      <View
        style={
          Object {
            "flexDirection": "column",
          }
        }
      >
        <View
          style={
            Object {
              "backgroundColor": "black",
              "height": 1,
              "width": 1,
            }
          }
        />
        <View
          style={
            Object {
              "backgroundColor": "black",
              "height": 1,
              "width": 1,
            }
          }
        />
        <View
          style={
            Object {
              "backgroundColor": "black",
              "height": 1,
              "width": 1,
            }
          }
        />
        <View
          style={
            Object {
              "backgroundColor": "black",
              "height": 1,
              "width": 1,
            }
          }
        />
        <View
          style={
            Object {
              "backgroundColor": "yellow",
              "height": 1,
              "width": 1,
            }
          }
        />
        <View
          style={
            Object {
              "backgroundColor": "black",
              "height": 1,
              "width": 1,
            }
          }
        />
        <View
          style={
            Object {
              "backgroundColor": "black",
              "height": 1,
              "width": 1,
            }
          }
        />
        <View
          style={
            Object {
              "backgroundColor": "black",
              "height": 1,
              "width": 1,
            }
          }
        />
        <View
          style={
            Object {
              "backgroundColor": "black",
              "height": 1,
              "width": 1,
            }
          }
        />
      </View>
      <View
        style={
          Object {
            "flexDirection": "column",
          }
        }
      >
        <View
          style={
            Object {
              "backgroundColor": "black",
              "height": 1,
              "width": 1,
            }
          }
        />
        <View
          style={
            Object {
              "backgroundColor": "black",
              "height": 1,
              "width": 1,
            }
          }
        />
        <View
          style={
            Object {
              "backgroundColor": "black",
              "height": 1,
              "width": 1,
            }
          }
        />
        <View
          style={
            Object {
              "backgroundColor": "yellow",
              "height": 1,
              "width": 1,
            }
          }
        />
        <View
          style={
            Object {
              "backgroundColor": "black",
              "height": 1,
              "width": 1,
            }
          }
        />
        <View
          style={
            Object {
              "backgroundColor": "yellow",
              "height": 1,
              "width": 1,
            }
          }
        />
        <View
          style={
            Object {
              "backgroundColor": "black",
              "height": 1,
              "width": 1,
            }
          }
        />
        <View
          style={
            Object {
              "backgroundColor": "black",
              "height": 1,
              "width": 1,
            }
          }
        />
        <View
          style={
            Object {
              "backgroundColor": "black",
              "height": 1,
              "width": 1,
            }
          }
        />
      </View>
      <View
        style={
          Object {
            "flexDirection": "column",
          }
        }
      >
        <View
          style={
            Object {
              "backgroundColor": "black",
              "height": 1,
              "width": 1,
            }
          }
        />
        <View
          style={
            Object {
              "backgroundColor": "black",
              "height": 1,
              "width": 1,
            }
          }
        />
        <View
          style={
            Object {
              "backgroundColor": "yellow",
              "height": 1,
              "width": 1,
            }
          }
        />
        <View
          style={
            Object {
              "backgroundColor": "black",
              "height": 1,
              "width": 1,
            }
          }
        />
        <View
          style={
            Object {
              "backgroundColor": "black",
              "height": 1,
              "width": 1,
            }
          }
        />
        <View
          style={
            Object {
              "backgroundColor": "black",
              "height": 1,
              "width": 1,
            }
          }
        />
        <View
          style={
            Object {
              "backgroundColor": "yellow",
              "height": 1,
              "width": 1,
            }
          }
        />
        <View
          style={
            Object {
              "backgroundColor": "black",
              "height": 1,
              "width": 1,
            }
          }
        />
        <View
          style={
            Object {
              "backgroundColor": "black",
              "height": 1,
              "width": 1,
            }
          }
        />
      </View>
      <View
        style={
          Object {
            "flexDirection": "column",
          }
        }
      >
        <View
          style={
            Object {
              "backgroundColor": "black",
              "height": 1,
              "width": 1,
            }
          }
        />
        <View
          style={
            Object {
              "backgroundColor": "yellow",
              "height": 1,
              "width": 1,
            }
          }
        />
        <View
          style={
            Object {
              "backgroundColor": "black",
              "height": 1,
              "width": 1,
            }
          }
        />
        <View
          style={
            Object {
              "backgroundColor": "black",
              "height": 1,
              "width": 1,
            }
          }
        />
        <View
          style={
            Object {
              "backgroundColor": "black",
              "height": 1,
              "width": 1,
            }
          }
        />
        <View
          style={
            Object {
              "backgroundColor": "black",
              "height": 1,
              "width": 1,
            }
          }
        />
        <View
          style={
            Object {
              "backgroundColor": "black",
              "height": 1,
              "width": 1,
            }
          }
        />
        <View
          style={
            Object {
              "backgroundColor": "yellow",
              "height": 1,
              "width": 1,
            }
          }
        />
        <View
          style={
            Object {
              "backgroundColor": "black",
              "height": 1,
              "width": 1,
            }
          }
        />
      </View>
      <View
        style={
          Object {
            "flexDirection": "column",
          }
        }
      >
        <View
          style={
            Object {
              "backgroundColor": "yellow",
              "height": 1,
              "width": 1,
            }
          }
        />
        <View
          style={
            Object {
              "backgroundColor": "black",
              "height": 1,
              "width": 1,
            }
          }
        />
        <View
          style={
            Object {
              "backgroundColor": "black",
              "height": 1,
              "width": 1,
            }
          }
        />
        <View
          style={
            Object {
              "backgroundColor": "black",
              "height": 1,
              "width": 1,
            }
          }
        />
        <View
          style={
            Object {
              "backgroundColor": "black",
              "height": 1,
              "width": 1,
            }
          }
        />
        <View
          style={
            Object {
              "backgroundColor": "black",
              "height": 1,
              "width": 1,
            }
          }
        />
        <View
          style={
            Object {
              "backgroundColor": "black",
              "height": 1,
              "width": 1,
            }
          }
        />
        <View
          style={
            Object {
              "backgroundColor": "black",
              "height": 1,
              "width": 1,
            }
          }
        />
        <View
          style={
            Object {
              "backgroundColor": "yellow",
              "height": 1,
              "width": 1,
            }
          }
        />
      </View>
      <View
        style={
          Object {
            "flexDirection": "column",
          }
        }
      >
        <View
          style={
            Object {
              "backgroundColor": "black",
              "height": 1,
              "width": 1,
            }
          }
        />
        <View
          style={
            Object {
              "backgroundColor": "yellow",
              "height": 1,
              "width": 1,
            }
          }
        />
        <View
          style={
            Object {
              "backgroundColor": "black",
              "height": 1,
              "width": 1,
            }
          }
        />
        <View
          style={
            Object {
              "backgroundColor": "black",
              "height": 1,
              "width": 1,
            }
          }
        />
        <View
          style={
            Object {
              "backgroundColor": "black",
              "height": 1,
              "width": 1,
            }
          }
        />
        <View
          style={
            Object {
              "backgroundColor": "black",
              "height": 1,
              "width": 1,
            }
          }
        />
        <View
          style={
            Object {
              "backgroundColor": "black",
              "height": 1,
              "width": 1,
            }
          }
        />
        <View
          style={
            Object {
              "backgroundColor": "yellow",
              "height": 1,
              "width": 1,
            }
          }
        />
        <View
          style={
            Object {
              "backgroundColor": "black",
              "height": 1,
              "width": 1,
            }
          }
        />
      </View>
      <View
        style={
          Object {
            "flexDirection": "column",
          }
        }
      >
        <View
          style={
            Object {
              "backgroundColor": "black",
              "height": 1,
              "width": 1,
            }
          }
        />
        <View
          style={
            Object {
              "backgroundColor": "black",
              "height": 1,
              "width": 1,
            }
          }
        />
        <View
          style={
            Object {
              "backgroundColor": "yellow",
              "height": 1,
              "width": 1,
            }
          }
        />
        <View
          style={
            Object {
              "backgroundColor": "black",
              "height": 1,
              "width": 1,
            }
          }
        />
        <View
          style={
            Object {
              "backgroundColor": "black",
              "height": 1,
              "width": 1,
            }
          }
        />
        <View
          style={
            Object {
              "backgroundColor": "black",
              "height": 1,
              "width": 1,
            }
          }
        />
        <View
          style={
            Object {
              "backgroundColor": "yellow",
              "height": 1,
              "width": 1,
            }
          }
        />
        <View
          style={
            Object {
              "backgroundColor": "black",
              "height": 1,
              "width": 1,
            }
          }
        />
        <View
          style={
            Object {
              "backgroundColor": "black",
              "height": 1,
              "width": 1,
            }
          }
        />
      </View>
      <View
        style={
          Object {
            "flexDirection": "column",
          }
        }
      >
        <View
          style={
            Object {
              "backgroundColor": "black",
              "height": 1,
              "width": 1,
            }
          }
        />
        <View
          style={
            Object {
              "backgroundColor": "black",
              "height": 1,
              "width": 1,
            }
          }
        />
        <View
          style={
            Object {
              "backgroundColor": "black",
              "height": 1,
              "width": 1,
            }
          }
        />
        <View
          style={
            Object {
              "backgroundColor": "yellow",
              "height": 1,
              "width": 1,
            }
          }
        />
        <View
          style={
            Object {
              "backgroundColor": "black",
              "height": 1,
              "width": 1,
            }
          }
        />
        <View
          style={
            Object {
              "backgroundColor": "yellow",
              "height": 1,
              "width": 1,
            }
          }
        />
        <View
          style={
            Object {
              "backgroundColor": "black",
              "height": 1,
              "width": 1,
            }
          }
        />
        <View
          style={
            Object {
              "backgroundColor": "black",
              "height": 1,
              "width": 1,
            }
          }
        />
        <View
          style={
            Object {
              "backgroundColor": "black",
              "height": 1,
              "width": 1,
            }
          }
        />
      </View>
      <View
        style={
          Object {
            "flexDirection": "column",
          }
        }
      >
        <View
          style={
            Object {
              "backgroundColor": "black",
              "height": 1,
              "width": 1,
            }
          }
        />
        <View
          style={
            Object {
              "backgroundColor": "black",
              "height": 1,
              "width": 1,
            }
          }
        />
        <View
          style={
            Object {
              "backgroundColor": "black",
              "height": 1,
              "width": 1,
            }
          }
        />
        <View
          style={
            Object {
              "backgroundColor": "black",
              "height": 1,
              "width": 1,
            }
          }
        />
        <View
          style={
            Object {
              "backgroundColor": "yellow",
              "height": 1,
              "width": 1,
            }
          }
        />
        <View
          style={
            Object {
              "backgroundColor": "black",
              "height": 1,
              "width": 1,
            }
          }
        />
        <View
          style={
            Object {
              "backgroundColor": "black",
              "height": 1,
              "width": 1,
            }
          }
        />
        <View
          style={
            Object {
              "backgroundColor": "black",
              "height": 1,
              "width": 1,
            }
          }
        />
        <View
          style={
            Object {
              "backgroundColor": "black",
              "height": 1,
              "width": 1,
            }
          }
        />
      </View>
    </View>
  </View>
</View>
`;

exports[`HighItems (with black item) => renders correctly 1`] = `
<View
  style={
    Object {
      "alignItems": "center",
      "flex": 1,
      "flexDirection": "row",
      "justifyContent": "center",
    }
  }
>
  <View
    style={
      Object {
        "alignItems": "center",
        "backgroundColor": "black",
        "borderRadius": 0,
        "borderWidth": 1,
        "height": 14,
        "margin": 4,
        "width": 14,
      }
    }
  >
    <View
      style={
        Object {
          "flexDirection": "row",
          "height": 10,
        }
      }
    >
      <View
        style={
          Object {
            "flexDirection": "column",
          }
        }
      >
        <View
          style={
            Object {
              "backgroundColor": "black",
              "height": 1,
              "width": 1,
            }
          }
        />
        <View
          style={
            Object {
              "backgroundColor": "black",
              "height": 1,
              "width": 1,
            }
          }
        />
        <View
          style={
            Object {
              "backgroundColor": "black",
              "height": 1,
              "width": 1,
            }
          }
        />
        <View
          style={
            Object {
              "backgroundColor": "black",
              "height": 1,
              "width": 1,
            }
          }
        />
        <View
          style={
            Object {
              "backgroundColor": "yellow",
              "height": 1,
              "width": 1,
            }
          }
        />
        <View
          style={
            Object {
              "backgroundColor": "black",
              "height": 1,
              "width": 1,
            }
          }
        />
        <View
          style={
            Object {
              "backgroundColor": "black",
              "height": 1,
              "width": 1,
            }
          }
        />
        <View
          style={
            Object {
              "backgroundColor": "black",
              "height": 1,
              "width": 1,
            }
          }
        />
        <View
          style={
            Object {
              "backgroundColor": "black",
              "height": 1,
              "width": 1,
            }
          }
        />
      </View>
      <View
        style={
          Object {
            "flexDirection": "column",
          }
        }
      >
        <View
          style={
            Object {
              "backgroundColor": "black",
              "height": 1,
              "width": 1,
            }
          }
        />
        <View
          style={
            Object {
              "backgroundColor": "black",
              "height": 1,
              "width": 1,
            }
          }
        />
        <View
          style={
            Object {
              "backgroundColor": "black",
              "height": 1,
              "width": 1,
            }
          }
        />
        <View
          style={
            Object {
              "backgroundColor": "yellow",
              "height": 1,
              "width": 1,
            }
          }
        />
        <View
          style={
            Object {
              "backgroundColor": "black",
              "height": 1,
              "width": 1,
            }
          }
        />
        <View
          style={
            Object {
              "backgroundColor": "yellow",
              "height": 1,
              "width": 1,
            }
          }
        />
        <View
          style={
            Object {
              "backgroundColor": "black",
              "height": 1,
              "width": 1,
            }
          }
        />
        <View
          style={
            Object {
              "backgroundColor": "black",
              "height": 1,
              "width": 1,
            }
          }
        />
        <View
          style={
            Object {
              "backgroundColor": "black",
              "height": 1,
              "width": 1,
            }
          }
        />
      </View>
      <View
        style={
          Object {
            "flexDirection": "column",
          }
        }
      >
        <View
          style={
            Object {
              "backgroundColor": "black",
              "height": 1,
              "width": 1,
            }
          }
        />
        <View
          style={
            Object {
              "backgroundColor": "black",
              "height": 1,
              "width": 1,
            }
          }
        />
        <View
          style={
            Object {
              "backgroundColor": "yellow",
              "height": 1,
              "width": 1,
            }
          }
        />
        <View
          style={
            Object {
              "backgroundColor": "black",
              "height": 1,
              "width": 1,
            }
          }
        />
        <View
          style={
            Object {
              "backgroundColor": "black",
              "height": 1,
              "width": 1,
            }
          }
        />
        <View
          style={
            Object {
              "backgroundColor": "black",
              "height": 1,
              "width": 1,
            }
          }
        />
        <View
          style={
            Object {
              "backgroundColor": "yellow",
              "height": 1,
              "width": 1,
            }
          }
        />
        <View
          style={
            Object {
              "backgroundColor": "black",
              "height": 1,
              "width": 1,
            }
          }
        />
        <View
          style={
            Object {
              "backgroundColor": "black",
              "height": 1,
              "width": 1,
            }
          }
        />
      </View>
      <View
        style={
          Object {
            "flexDirection": "column",
          }
        }
      >
        <View
          style={
            Object {
              "backgroundColor": "black",
              "height": 1,
              "width": 1,
            }
          }
        />
        <View
          style={
            Object {
              "backgroundColor": "yellow",
              "height": 1,
              "width": 1,
            }
          }
        />
        <View
          style={
            Object {
              "backgroundColor": "black",
              "height": 1,
              "width": 1,
            }
          }
        />
        <View
          style={
            Object {
              "backgroundColor": "black",
              "height": 1,
              "width": 1,
            }
          }
        />
        <View
          style={
            Object {
              "backgroundColor": "black",
              "height": 1,
              "width": 1,
            }
          }
        />
        <View
          style={
            Object {
              "backgroundColor": "black",
              "height": 1,
              "width": 1,
            }
          }
        />
        <View
          style={
            Object {
              "backgroundColor": "black",
              "height": 1,
              "width": 1,
            }
          }
        />
        <View
          style={
            Object {
              "backgroundColor": "yellow",
              "height": 1,
              "width": 1,
            }
          }
        />
        <View
          style={
            Object {
              "backgroundColor": "black",
              "height": 1,
              "width": 1,
            }
          }
        />
      </View>
      <View
        style={
          Object {
            "flexDirection": "column",
          }
        }
      >
        <View
          style={
            Object {
              "backgroundColor": "yellow",
              "height": 1,
              "width": 1,
            }
          }
        />
        <View
          style={
            Object {
              "backgroundColor": "black",
              "height": 1,
              "width": 1,
            }
          }
        />
        <View
          style={
            Object {
              "backgroundColor": "black",
              "height": 1,
              "width": 1,
            }
          }
        />
        <View
          style={
            Object {
              "backgroundColor": "black",
              "height": 1,
              "width": 1,
            }
          }
        />
        <View
          style={
            Object {
              "backgroundColor": "black",
              "height": 1,
              "width": 1,
            }
          }
        />
        <View
          style={
            Object {
              "backgroundColor": "black",
              "height": 1,
              "width": 1,
            }
          }
        />
        <View
          style={
            Object {
              "backgroundColor": "black",
              "height": 1,
              "width": 1,
            }
          }
        />
        <View
          style={
            Object {
              "backgroundColor": "black",
              "height": 1,
              "width": 1,
            }
          }
        />
        <View
          style={
            Object {
              "backgroundColor": "yellow",
              "height": 1,
              "width": 1,
            }
          }
        />
      </View>
      <View
        style={
          Object {
            "flexDirection": "column",
          }
        }
      >
        <View
          style={
            Object {
              "backgroundColor": "black",
              "height": 1,
              "width": 1,
            }
          }
        />
        <View
          style={
            Object {
              "backgroundColor": "yellow",
              "height": 1,
              "width": 1,
            }
          }
        />
        <View
          style={
            Object {
              "backgroundColor": "black",
              "height": 1,
              "width": 1,
            }
          }
        />
        <View
          style={
            Object {
              "backgroundColor": "black",
              "height": 1,
              "width": 1,
            }
          }
        />
        <View
          style={
            Object {
              "backgroundColor": "black",
              "height": 1,
              "width": 1,
            }
          }
        />
        <View
          style={
            Object {
              "backgroundColor": "black",
              "height": 1,
              "width": 1,
            }
          }
        />
        <View
          style={
            Object {
              "backgroundColor": "black",
              "height": 1,
              "width": 1,
            }
          }
        />
        <View
          style={
            Object {
              "backgroundColor": "yellow",
              "height": 1,
              "width": 1,
            }
          }
        />
        <View
          style={
            Object {
              "backgroundColor": "black",
              "height": 1,
              "width": 1,
            }
          }
        />
      </View>
      <View
        style={
          Object {
            "flexDirection": "column",
          }
        }
      >
        <View
          style={
            Object {
              "backgroundColor": "black",
              "height": 1,
              "width": 1,
            }
          }
        />
        <View
          style={
            Object {
              "backgroundColor": "black",
              "height": 1,
              "width": 1,
            }
          }
        />
        <View
          style={
            Object {
              "backgroundColor": "yellow",
              "height": 1,
              "width": 1,
            }
          }
        />
        <View
          style={
            Object {
              "backgroundColor": "black",
              "height": 1,
              "width": 1,
            }
          }
        />
        <View
          style={
            Object {
              "backgroundColor": "black",
              "height": 1,
              "width": 1,
            }
          }
        />
        <View
          style={
            Object {
              "backgroundColor": "black",
              "height": 1,
              "width": 1,
            }
          }
        />
        <View
          style={
            Object {
              "backgroundColor": "yellow",
              "height": 1,
              "width": 1,
            }
          }
        />
        <View
          style={
            Object {
              "backgroundColor": "black",
              "height": 1,
              "width": 1,
            }
          }
        />
        <View
          style={
            Object {
              "backgroundColor": "black",
              "height": 1,
              "width": 1,
            }
          }
        />
      </View>
      <View
        style={
          Object {
            "flexDirection": "column",
          }
        }
      >
        <View
          style={
            Object {
              "backgroundColor": "black",
              "height": 1,
              "width": 1,
            }
          }
        />
        <View
          style={
            Object {
              "backgroundColor": "black",
              "height": 1,
              "width": 1,
            }
          }
        />
        <View
          style={
            Object {
              "backgroundColor": "black",
              "height": 1,
              "width": 1,
            }
          }
        />
        <View
          style={
            Object {
              "backgroundColor": "yellow",
              "height": 1,
              "width": 1,
            }
          }
        />
        <View
          style={
            Object {
              "backgroundColor": "black",
              "height": 1,
              "width": 1,
            }
          }
        />
        <View
          style={
            Object {
              "backgroundColor": "yellow",
              "height": 1,
              "width": 1,
            }
          }
        />
        <View
          style={
            Object {
              "backgroundColor": "black",
              "height": 1,
              "width": 1,
            }
          }
        />
        <View
          style={
            Object {
              "backgroundColor": "black",
              "height": 1,
              "width": 1,
            }
          }
        />
        <View
          style={
            Object {
              "backgroundColor": "black",
              "height": 1,
              "width": 1,
            }
          }
        />
      </View>
      <View
        style={
          Object {
            "flexDirection": "column",
          }
        }
      >
        <View
          style={
            Object {
              "backgroundColor": "black",
              "height": 1,
              "width": 1,
            }
          }
        />
        <View
          style={
            Object {
              "backgroundColor": "black",
              "height": 1,
              "width": 1,
            }
          }
        />
        <View
          style={
            Object {
              "backgroundColor": "black",
              "height": 1,
              "width": 1,
            }
          }
        />
        <View
          style={
            Object {
              "backgroundColor": "black",
              "height": 1,
              "width": 1,
            }
          }
        />
        <View
          style={
            Object {
              "backgroundColor": "yellow",
              "height": 1,
              "width": 1,
            }
          }
        />
        <View
          style={
            Object {
              "backgroundColor": "black",
              "height": 1,
              "width": 1,
            }
          }
        />
        <View
          style={
            Object {
              "backgroundColor": "black",
              "height": 1,
              "width": 1,
            }
          }
        />
        <View
          style={
            Object {
              "backgroundColor": "black",
              "height": 1,
              "width": 1,
            }
          }
        />
        <View
          style={
            Object {
              "backgroundColor": "black",
              "height": 1,
              "width": 1,
            }
          }
        />
      </View>
    </View>
  </View>
</View>
`;
