// Jest Snapshot v1, https://goo.gl/fbAQLP

exports[`HighItems (default props) => renders correctly 1`] = `
<View
  style={
    Object {
      "alignItems": "center",
      "flex": 1,
      "flexDirection": "row",
      "justifyContent": "center",
    }
  }
>
  <View
    style={
      Object {
        "alignItems": "center",
        "backgroundColor": "black",
        "borderColor": "black",
        "borderRadius": 0,
        "borderWidth": 1,
        "height": 14,
        "margin": 4,
        "width": 14,
      }
    }
  >
    <View
      style={
        Object {
          "backgroundColor": "black",
          "borderColor": "yellow",
          "borderWidth": 1,
          "height": 8,
          "marginTop": 2,
          "transform": Array [
            Object {
              "rotate": "45deg",
            },
          ],
          "width": 8,
        }
      }
    />
  </View>
</View>
`;

exports[`HighItems (with black item) => renders correctly 1`] = `
<View
  style={
    Object {
      "alignItems": "center",
      "flex": 1,
      "flexDirection": "row",
      "justifyContent": "center",
    }
  }
>
  <View
    style={
      Object {
        "alignItems": "center",
        "backgroundColor": "black",
        "borderColor": "black",
        "borderRadius": 0,
        "borderWidth": 1,
        "height": 14,
        "margin": 4,
        "width": 14,
      }
    }
  >
    <View
      style={
        Object {
          "backgroundColor": "black",
          "borderColor": "yellow",
          "borderWidth": 1,
          "height": 8,
          "marginTop": 2,
          "transform": Array [
            Object {
              "rotate": "45deg",
            },
          ],
          "width": 8,
        }
      }
    />
  </View>
</View>
`;
