// Jest Snapshot v1, https://goo.gl/fbAQLP

exports[`Item list => renders correctly 1`] = `
<View
  style={
    Object {
      "backgroundColor": "#329932",
      "borderColor": "#329932",
      "borderRadius": 0,
      "borderWidth": 0.5,
      "flex": 1,
      "flexDirection": "column",
      "width": "100%",
    }
  }
>
  <View
    style={
      Object {
        "alignItems": "center",
        "flexDirection": "row",
        "height": 35,
        "justifyContent": "center",
      }
    }
  >
    <Text
      accessible={true}
      allowFontScaling={true}
      ellipsizeMode="tail"
      numberOfLines={1}
      style={
        Object {
          "color": "#0e0e0e",
          "flex": 7,
          "fontFamily": "telegrama_raw",
          "fontSize": 30.607554623001164,
          "paddingLeft": 5,
          "textAlign": "left",
        }
      }
    >
      Items
    </Text>
    <Text
      accessible={true}
      allowFontScaling={true}
      ellipsizeMode="tail"
      numberOfLines={1}
      style={
        Object {
          "color": "#0e0e0e",
          "flex": 3,
          "fontFamily": "telegrama_raw",
          "fontSize": 30.607554623001164,
          "textAlign": "center",
        }
      }
    >
      Cap: 6/8
    </Text>
  </View>
  <View
    style={
      Object {
        "backgroundColor": "#141313",
        "borderColor": "#141313",
        "borderRadius": 0,
        "borderWidth": 0.5,
        "flex": 13,
        "flexDirection": "column",
        "justifyContent": "space-between",
        "margin": 1,
      }
    }
  >
    <View
      style={
        Object {
          "flex": 0,
          "flexDirection": "row",
          "height": 48.690000000000005,
          "marginTop": 2,
        }
      }
    >
      <Image
        source={1}
        style={
          Object {
            "backgroundColor": "transparent",
            "flex": 0,
            "height": 46.690000000000005,
            "marginLeft": 4,
            "resizeMode": "stretch",
            "width": 46.690000000000005,
          }
        }
      />
      <View
        style={
          Object {
            "flex": 12,
            "flexDirection": "row",
            "justifyContent": "space-between",
          }
        }
      >
        <Text
          accessible={true}
          allowFontScaling={true}
          ellipsizeMode="tail"
          style={
            Object {
              "color": "#00ff00",
              "flex": 5,
              "fontFamily": "telegrama_raw",
              "paddingLeft": 9,
              "paddingTop": 3,
            }
          }
        >
          Steal
        </Text>
        <Text
          accessible={true}
          allowFontScaling={true}
          ellipsizeMode="tail"
          style={
            Object {
              "color": "#329932",
              "flex": 1,
              "fontFamily": "telegrama_raw",
              "paddingTop": 5,
            }
          }
        >
          ?
        </Text>
      </View>
    </View>
    <View
      style={
        Object {
          "flex": 0,
          "flexDirection": "row",
          "height": 48.690000000000005,
          "marginTop": 2,
        }
      }
    >
      <Image
        source={1}
        style={
          Object {
            "backgroundColor": "transparent",
            "flex": 0,
            "height": 46.690000000000005,
            "marginLeft": 4,
            "resizeMode": "stretch",
            "width": 46.690000000000005,
          }
        }
      />
      <View
        style={
          Object {
            "flex": 12,
            "flexDirection": "row",
            "justifyContent": "space-between",
          }
        }
      >
        <Text
          accessible={true}
          allowFontScaling={true}
          ellipsizeMode="tail"
          style={
            Object {
              "color": "#329932",
              "flex": 5,
              "fontFamily": "telegrama_raw",
              "paddingLeft": 9,
              "paddingTop": 3,
            }
          }
        >
          Assist
        </Text>
        <Text
          accessible={true}
          allowFontScaling={true}
          ellipsizeMode="tail"
          style={
            Object {
              "color": "#329932",
              "flex": 1,
              "fontFamily": "telegrama_raw",
              "paddingTop": 5,
            }
          }
        >
          ?
        </Text>
      </View>
    </View>
    <View
      style={
        Object {
          "flex": 0,
          "flexDirection": "row",
          "height": 48.690000000000005,
          "marginTop": 2,
        }
      }
    >
      <Image
        source={1}
        style={
          Object {
            "backgroundColor": "transparent",
            "flex": 0,
            "height": 46.690000000000005,
            "marginLeft": 4,
            "resizeMode": "stretch",
            "width": 46.690000000000005,
          }
        }
      />
      <View
        style={
          Object {
            "flex": 12,
            "flexDirection": "row",
            "justifyContent": "space-between",
          }
        }
      >
        <Text
          accessible={true}
          allowFontScaling={true}
          ellipsizeMode="tail"
          style={
            Object {
              "color": "#00ff00",
              "flex": 5,
              "fontFamily": "telegrama_raw",
              "paddingLeft": 9,
              "paddingTop": 3,
            }
          }
        >
          Prevent (x2)
        </Text>
        <Text
          accessible={true}
          allowFontScaling={true}
          ellipsizeMode="tail"
          style={
            Object {
              "color": "#329932",
              "flex": 1,
              "fontFamily": "telegrama_raw",
              "paddingTop": 5,
            }
          }
        >
          ?
        </Text>
      </View>
    </View>
    <View
      style={
        Object {
          "flex": 0,
          "flexDirection": "row",
          "height": 48.690000000000005,
          "marginTop": 2,
        }
      }
    >
      <Image
        source={1}
        style={
          Object {
            "backgroundColor": "transparent",
            "flex": 0,
            "height": 46.690000000000005,
            "marginLeft": 4,
            "resizeMode": "stretch",
            "width": 46.690000000000005,
          }
        }
      />
      <View
        style={
          Object {
            "flex": 12,
            "flexDirection": "row",
            "justifyContent": "space-between",
          }
        }
      >
        <Text
          accessible={true}
          allowFontScaling={true}
          ellipsizeMode="tail"
          style={
            Object {
              "color": "#00ff00",
              "flex": 5,
              "fontFamily": "telegrama_raw",
              "paddingLeft": 9,
              "paddingTop": 3,
            }
          }
        >
          Reset (x2)
        </Text>
        <Text
          accessible={true}
          allowFontScaling={true}
          ellipsizeMode="tail"
          style={
            Object {
              "color": "#329932",
              "flex": 1,
              "fontFamily": "telegrama_raw",
              "paddingTop": 5,
            }
          }
        >
          ?
        </Text>
      </View>
    </View>
    <View
      style={
        Object {
          "flex": 0,
          "flexDirection": "row",
          "height": 48.690000000000005,
          "marginTop": 2,
        }
      }
    >
      <Image
        source={1}
        style={
          Object {
            "backgroundColor": "transparent",
            "flex": 0,
            "height": 46.690000000000005,
            "marginLeft": 4,
            "resizeMode": "stretch",
            "width": 46.690000000000005,
          }
        }
      />
      <View
        style={
          Object {
            "flex": 12,
            "flexDirection": "row",
            "justifyContent": "space-between",
          }
        }
      >
        <Text
          accessible={true}
          allowFontScaling={true}
          ellipsizeMode="tail"
          style={
            Object {
              "color": "#329932",
              "flex": 5,
              "fontFamily": "telegrama_raw",
              "paddingLeft": 9,
              "paddingTop": 3,
            }
          }
        >
          Lock
        </Text>
        <Text
          accessible={true}
          allowFontScaling={true}
          ellipsizeMode="tail"
          style={
            Object {
              "color": "#329932",
              "flex": 1,
              "fontFamily": "telegrama_raw",
              "paddingTop": 5,
            }
          }
        >
          ?
        </Text>
      </View>
    </View>
    <View
      style={
        Object {
          "flex": 0,
          "flexDirection": "row",
          "height": 48.690000000000005,
          "marginTop": 2,
        }
      }
    >
      <Image
        source={1}
        style={
          Object {
            "backgroundColor": "transparent",
            "flex": 0,
            "height": 46.690000000000005,
            "marginLeft": 4,
            "resizeMode": "stretch",
            "width": 46.690000000000005,
          }
        }
      />
      <View
        style={
          Object {
            "flex": 12,
            "flexDirection": "row",
            "justifyContent": "space-between",
          }
        }
      >
        <Text
          accessible={true}
          allowFontScaling={true}
          ellipsizeMode="tail"
          style={
            Object {
              "color": "#329932",
              "flex": 5,
              "fontFamily": "telegrama_raw",
              "paddingLeft": 9,
              "paddingTop": 3,
            }
          }
        >
          Unlock
        </Text>
        <Text
          accessible={true}
          allowFontScaling={true}
          ellipsizeMode="tail"
          style={
            Object {
              "color": "#329932",
              "flex": 1,
              "fontFamily": "telegrama_raw",
              "paddingTop": 5,
            }
          }
        >
          ?
        </Text>
      </View>
    </View>
  </View>
</View>
`;
