// Jest Snapshot v1, https://goo.gl/fbAQLP

exports[`LowItems (with bright items) => renders correctly 1`] = `
<View
  style={
    Object {
      "alignItems": "center",
      "flex": 1,
      "flexDirection": "row",
      "justifyContent": "center",
    }
  }
>
  <Image
    source={1}
    style={
      Object {
        "height": 16,
        "margin": 4,
        "width": 16,
      }
    }
  />
  <Image
    source={1}
    style={
      Object {
        "height": 16,
        "margin": 4,
        "width": 16,
      }
    }
  />
  <Image
    source={1}
    style={
      Object {
        "height": 16,
        "margin": 4,
        "width": 16,
      }
    }
  />
</View>
`;

exports[`LowItems (with fill bright mix) => renders correctly 1`] = `
<View
  style={
    Object {
      "alignItems": "center",
      "flex": 1,
      "flexDirection": "row",
      "justifyContent": "center",
    }
  }
>
  <Image
    source={1}
    style={
      Object {
        "height": 16,
        "margin": 4,
        "width": 16,
      }
    }
  />
  <Image
    source={1}
    style={
      Object {
        "height": 16,
        "margin": 4,
        "width": 16,
      }
    }
  />
  <Image
    source={1}
    style={
      Object {
        "height": 16,
        "margin": 4,
        "width": 16,
      }
    }
  />
</View>
`;

exports[`LowItems (with filled items) => renders correctly 1`] = `
<View
  style={
    Object {
      "alignItems": "center",
      "flex": 1,
      "flexDirection": "row",
      "justifyContent": "center",
    }
  }
>
  <Image
    source={1}
    style={
      Object {
        "height": 16,
        "margin": 4,
        "width": 16,
      }
    }
  />
  <Image
    source={1}
    style={
      Object {
        "height": 16,
        "margin": 4,
        "width": 16,
      }
    }
  />
  <Image
    source={1}
    style={
      Object {
        "height": 16,
        "margin": 4,
        "width": 16,
      }
    }
  />
</View>
`;

exports[`LowItems (with no items) => renders correctly 1`] = `
<View
  style={
    Object {
      "alignItems": "center",
      "flex": 1,
      "flexDirection": "row",
      "justifyContent": "center",
    }
  }
>
  <Image
    source={1}
    style={
      Object {
        "height": 16,
        "margin": 4,
        "width": 16,
      }
    }
  />
  <Image
    source={1}
    style={
      Object {
        "height": 16,
        "margin": 4,
        "width": 16,
      }
    }
  />
  <Image
    source={1}
    style={
      Object {
        "height": 16,
        "margin": 4,
        "width": 16,
      }
    }
  />
</View>
`;
