// Jest Snapshot v1, https://goo.gl/fbAQLP

exports[`Mid-Items component => renders correctly 1`] = `
<View
  style={
    Object {
      "alignItems": "center",
      "flex": 1,
      "flexDirection": "row",
      "justifyContent": "center",
    }
  }
>
  <Image
    source={1}
    style={
      Object {
        "height": 30,
        "marginRight": 4,
        "width": 30,
      }
    }
  />
  <Image
    source={1}
    style={
      Object {
        "height": 30,
        "marginRight": 4,
        "width": 30,
      }
    }
  />
</View>
`;
