// Jest Snapshot v1, https://goo.gl/fbAQLP

exports[`Player Iterations => renders correctly 1`] = `
<View
  style={
    Object {
      "backgroundColor": "#329932",
      "borderColor": "#329932",
      "borderRadius": 0,
      "borderWidth": 0.5,
      "flex": 1,
      "flexDirection": "column",
      "width": "100%",
    }
  }
>
  <View
    style={
      Object {
        "alignItems": "center",
        "flexDirection": "row",
        "height": 35,
        "justifyContent": "center",
      }
    }
  >
    <Text
      accessible={true}
      allowFontScaling={true}
      ellipsizeMode="tail"
      numberOfLines={1}
      style={
        Object {
          "color": "#0e0e0e",
          "flex": 7,
          "fontFamily": "telegrama_raw",
          "fontSize": 30.607554623001164,
          "textAlign": "center",
        }
      }
    >
      Iterations
    </Text>
  </View>
  <View
    style={
      Object {
        "backgroundColor": "#141313",
        "borderColor": "#141313",
        "borderRadius": 0,
        "borderWidth": 0.5,
        "flex": 13,
        "flexDirection": "column",
        "justifyContent": "space-between",
        "margin": 1,
      }
    }
  >
    <RCTScrollView>
      <View>
        <View
          accessibilityComponentType={undefined}
          accessibilityLabel={undefined}
          accessibilityTraits={undefined}
          accessible={true}
          hasTVPreferredFocus={undefined}
          hitSlop={undefined}
          isTVSelectable={true}
          onLayout={undefined}
          onResponderGrant={[Function]}
          onResponderMove={[Function]}
          onResponderRelease={[Function]}
          onResponderTerminate={[Function]}
          onResponderTerminationRequest={[Function]}
          onStartShouldSetResponder={[Function]}
          style={
            Array [
              Object {
                "backgroundColor": "transparent",
              },
              undefined,
            ]
          }
          testID={undefined}
          tvParallaxProperties={undefined}
        >
          <View
            style={
              Object {
                "alignItems": "center",
                "alignSelf": "center",
                "flexDirection": "column",
                "height": 53.36,
                "justifyContent": "space-around",
              }
            }
          >
            <Text
              accessible={true}
              allowFontScaling={true}
              ellipsizeMode="tail"
              style={
                Object {
                  "color": "#00ff00",
                  "flex": 1,
                  "fontFamily": "telegrama_raw",
                  "fontSize": 15.303777311500582,
                  "marginTop": 5,
                  "paddingRight": 9,
                  "paddingTop": 2,
                  "textAlign": "center",
                }
              }
            >
              Timeline 1
            </Text>
            <View
              style={
                Object {
                  "flex": 1,
                  "flexDirection": "row",
                  "justifyContent": "space-around",
                }
              }
            >
              <Text
                accessible={true}
                allowFontScaling={true}
                ellipsizeMode="tail"
                style={
                  Object {
                    "color": "#329932",
                    "flex": 1,
                    "fontFamily": "telegrama_raw",
                    "fontSize": 12.243021849200467,
                    "marginLeft": 9,
                    "paddingTop": 2,
                    "textAlign": "center",
                    "textAlignVertical": "center",
                  }
                }
              >
                Resetting
              </Text>
              <Text
                accessible={true}
                allowFontScaling={true}
                ellipsizeMode="tail"
                style={
                  Object {
                    "color": "#329932",
                    "flex": 7,
                    "fontFamily": "telegrama_raw",
                    "fontSize": 12.243021849200467,
                    "paddingTop": 2,
                    "textAlign": "center",
                    "textAlignVertical": "center",
                  }
                }
              >
                | |==------------------------------------------------|   1% 00:01:39
              </Text>
            </View>
          </View>
        </View>
        <View
          accessibilityComponentType={undefined}
          accessibilityLabel={undefined}
          accessibilityTraits={undefined}
          accessible={true}
          hasTVPreferredFocus={undefined}
          hitSlop={undefined}
          isTVSelectable={true}
          onLayout={undefined}
          onResponderGrant={[Function]}
          onResponderMove={[Function]}
          onResponderRelease={[Function]}
          onResponderTerminate={[Function]}
          onResponderTerminationRequest={[Function]}
          onStartShouldSetResponder={[Function]}
          style={
            Array [
              Object {
                "backgroundColor": "transparent",
              },
              undefined,
            ]
          }
          testID={undefined}
          tvParallaxProperties={undefined}
        >
          <View
            style={
              Object {
                "alignItems": "center",
                "alignSelf": "center",
                "flexDirection": "column",
                "height": 53.36,
                "justifyContent": "space-around",
              }
            }
          >
            <Text
              accessible={true}
              allowFontScaling={true}
              ellipsizeMode="tail"
              style={
                Object {
                  "color": "#00ff00",
                  "flex": 1,
                  "fontFamily": "telegrama_raw",
                  "fontSize": 15.303777311500582,
                  "marginTop": 5,
                  "paddingRight": 9,
                  "paddingTop": 2,
                  "textAlign": "center",
                }
              }
            >
              Timeline 2
            </Text>
            <View
              style={
                Object {
                  "flex": 1,
                  "flexDirection": "row",
                  "justifyContent": "space-around",
                }
              }
            >
              <Text
                accessible={true}
                allowFontScaling={true}
                ellipsizeMode="tail"
                style={
                  Object {
                    "color": "#329932",
                    "flex": 1,
                    "fontFamily": "telegrama_raw",
                    "fontSize": 12.243021849200467,
                    "marginLeft": 9,
                    "paddingTop": 2,
                    "textAlign": "center",
                    "textAlignVertical": "center",
                  }
                }
              >
                Locking
              </Text>
              <Text
                accessible={true}
                allowFontScaling={true}
                ellipsizeMode="tail"
                style={
                  Object {
                    "color": "#329932",
                    "flex": 7,
                    "fontFamily": "telegrama_raw",
                    "fontSize": 12.243021849200467,
                    "paddingTop": 2,
                    "textAlign": "center",
                    "textAlignVertical": "center",
                  }
                }
              >
                | |==------------------------------------------------|   1% 00:06:39
              </Text>
            </View>
          </View>
        </View>
      </View>
    </RCTScrollView>
  </View>
</View>
`;
