// Jest Snapshot v1, https://goo.gl/fbAQLP

exports[`Power progress indicator => renders correctly 1`] = `
<View
  style={
    Object {
      "flexDirection": "row",
      "justifyContent": "space-around",
    }
  }
>
  <Text
    accessible={true}
    allowFontScaling={true}
    ellipsizeMode="tail"
    style={
      Object {
        "color": "#329932",
        "flex": 1,
        "fontFamily": "telegrama_raw",
        "fontSize": 12.243021849200467,
        "marginLeft": 9,
        "paddingTop": 2,
        "textAlign": "center",
        "textAlignVertical": "center",
      }
    }
  >
    Resetting
  </Text>
  <Text
    accessible={true}
    allowFontScaling={true}
    ellipsizeMode="tail"
    style={
      Object {
        "color": "#329932",
        "flex": 7,
        "fontFamily": "telegrama_raw",
        "fontSize": 12.243021849200467,
        "paddingTop": 2,
        "textAlign": "center",
        "textAlignVertical": "center",
      }
    }
  >
    | |==------------------------------------------------|   1% 00:01:39
  </Text>
</View>
`;
