// Jest Snapshot v1, https://goo.gl/fbAQLP

exports[`ProgressBar (default props) => renders correctly 1`] = `
<Text
  accessible={true}
  allowFontScaling={true}
  ellipsizeMode="tail"
  style={
    Object {
      "color": "#00ff00",
      "fontFamily": "telegrama_raw",
      "fontSize": 7,
      "marginLeft": 9,
      "marginTop": 15,
    }
  }
>
  Questing [ =======------------------------------------------- ] 20% 00:01:23
</Text>
`;

exports[`ProgressBar (with children) => renders correctly 1`] = `
<Text
  accessible={true}
  allowFontScaling={true}
  ellipsizeMode="tail"
  style={
    Object {
      "color": "#00ff00",
      "fontFamily": "telegrama_raw",
      "fontSize": 7,
      "marginLeft": 9,
      "marginTop": 15,
    }
  }
>
  Questing [ =======------------------------------------------- ] 20% 00:01:23
</Text>
`;

exports[`ProgressBar (with progress and children) => renders correctly 1`] = `
<Text
  accessible={true}
  allowFontScaling={true}
  ellipsizeMode="tail"
  style={
    Object {
      "color": "#00ff00",
      "fontFamily": "telegrama_raw",
      "fontSize": 7,
      "marginLeft": 9,
      "marginTop": 15,
    }
  }
>
  Questing [ =======------------------------------------------- ] 20% 00:01:23
</Text>
`;

exports[`ProgressBar (with progress) => renders correctly 1`] = `
<Text
  accessible={true}
  allowFontScaling={true}
  ellipsizeMode="tail"
  style={
    Object {
      "color": "#00ff00",
      "fontFamily": "telegrama_raw",
      "fontSize": 7,
      "marginLeft": 9,
      "marginTop": 15,
    }
  }
>
  Questing [ =======------------------------------------------- ] 20% 00:01:23
</Text>
`;
