// Jest Snapshot v1, https://goo.gl/fbAQLP

exports[`Vertical Separator => renders correctly 1`] = `
<Text
  accessible={true}
  allowFontScaling={true}
  ellipsizeMode="tail"
  style={
    Object {
      "color": "#329932",
      "flex": 0,
      "lineHeight": 13,
      "textAlignVertical": "top",
      "width": 22.5,
    }
  }
>
   | 
 | 
 | 
 | 
 | 
 | 
 | 
 | 
 | 
 | 
 | 
 | 
 | 
 | 
 | 
 | 
 | 
 | 
 | 
 | 
 | 
 | 
 | 
 | 
 | 
 | 
 | 
 | 
 | 
 | 
 | 
 | 
 | 
 | 
 | 
 | 
 | 
 | 
 | 
 | 
 | 
 | 

</Text>
`;
